{
   "get": {
      "get": "git",
      "passed": [
         "prepare"
      ],
      "trigger": true
   }
}
