{
   "get": {
      "get": "git",
      "passed": [ ],
      "trigger": false
   }
}
