{
   "get": {
      "get": "git",
      "passed": [
         "linter",
         "test"
      ],
      "trigger": true
   }
}
