{
   "git": {
      "name": "git",
      "source": {
         "branch": "master",
         "uri": "https://github.com/sirech/example-concourse-pipeline.git"
      },
      "type": "git"
   }
}
