{
   "jobs": [
      "job1",
      "job2",
      "job3"
   ],
   "name": "grouping"
}
