[
   {
      "name": "prepare",
      "plan": [ ],
      "serial": true
   }
]
