{
   "parallel": {
      "in_parallel": [
         {
            "get": "git",
            "passed": [ ],
            "trigger": true
         },
         {
            "get": "dev-container",
            "passed": [ ],
            "trigger": true
         }
      ]
   }
}
